// Jest Snapshot v1, https://goo.gl/fbAQLP

exports[`<Card /> renders correctly 1`] = `
<div>
  <div
    class="ui__card test"
  />
</div>
`;
