// Jest Snapshot v1, https://goo.gl/fbAQLP

exports[`<MultiSelectFilter /> renders correctly 1`] = `
<div>
  <div
    class="app__multi-select-filter"
  >
    <h2
      class="app__multi-select-filter__title"
    >
      Multi-Select Filter
    </h2>
    <div
      class="ui__card"
    >
      <p
        class="app__multi-select-filter__subtitle"
      >
        Product group:
         
        fantasy
      </p>
      <form>
        <div
          class="ui__input"
        >
          <i
            class="ui__input__icon"
          >
            <svg
              height="14"
              viewBox="0 0 14 14"
              width="14"
              xmlns="http://www.w3.org/2000/svg"
            >
              <path
                d="M13.8 12.2l-3.9-4c.6-.8 1.1-2 1.1-3.1 0-2.8-2.3-5-5-5-2.8 0-5 2.3-5 5 0 2.8 2.2 5 5 5 .8 0 1.7-.2 2.3-.5l3.9 4.3c.2.2.6.2.8 0l.8-.8c.3-.3.3-.7 0-.9zM6 8.1c-1.7 0-3-1.4-3-3 0-1.7 1.4-3 3-3s3 1.4 3 3-1.4 3-3 3z"
                fill-rule="evenodd"
              />
            </svg>
          </i>
          <input
            class="ui__input__bar"
            placeholder="Search..."
            value=""
          />
        </div>
        <div
          class="app__multi-select-filter__items"
        >
          <div
            class="app__multi-select-filter__items__item"
            data-testid="Fantasy Selected"
          >
            <div
              class="app__multi-select-filter__items__item__checkbox app__multi-select-filter__items__item__checkbox--selected"
            />
            <span
              class="app__multi-select-filter__items__item__text app__multi-select-filter__items__item__text--selected"
            >
              <span>
                Fantasy Selected
              </span>
            </span>
          </div>
          <div
            class="app__multi-select-filter__items__item"
            data-testid="Fantasy"
          >
            <div
              class="app__multi-select-filter__items__item__checkbox"
            />
            <span
              class="app__multi-select-filter__items__item__text"
            >
              <span>
                Fantasy
              </span>
            </span>
          </div>
        </div>
        <div
          class="app__multi-select-filter__buttons"
        >
          <button
            class="ui__button app__multi-select-filter__buttons__apply"
            data-testid="button_apply"
            type="submit"
          >
            Apply
          </button>
          <button
            class="ui__button app__multi-select-filter__buttons__clear"
            data-testid="button_clear"
          >
            <svg
              class="app__multi-select-filter__buttons__trash-icon"
              height="24"
              viewBox="0 0 24 24"
              width="24"
              xmlns="http://www.w3.org/2000/svg"
            >
              <path
                d="M3 6v18h18v-18h-18zm5 14c0 .552-.448 1-1 1s-1-.448-1-1v-10c0-.552.448-1 1-1s1 .448 1 1v10zm5 0c0 .552-.448 1-1 1s-1-.448-1-1v-10c0-.552.448-1 1-1s1 .448 1 1v10zm5 0c0 .552-.448 1-1 1s-1-.448-1-1v-10c0-.552.448-1 1-1s1 .448 1 1v10zm4-18v2h-20v-2h5.711c.9 0 1.631-1.099 1.631-2h5.315c0 .901.73 2 1.631 2h5.712z"
              />
            </svg>
          </button>
        </div>
      </form>
    </div>
  </div>
</div>
`;
