// Jest Snapshot v1, https://goo.gl/fbAQLP

exports[`<Button /> renders correctly 1`] = `
<div>
  <button
    class="ui__button"
    type="submit"
  />
</div>
`;
